bearPDD_Jumpidle
bearPDD_Death1
bearPDD_IdlerotateLRM
bearPDD_Hitrotate180LRM
bearPDD_Attack1
bearPDD_trotleftRM
bearPDD_Hate1
bearPDD_walkbackRM
bearPDD_runleftRM
bearPDD_Idlerotate180LRM
bearPDD_Hitrotate90LRM
bearPDD_JumpbottomidledownRM
bearPDD_swimrightRM
bearPDD_Hitrotate90RRM
bearPDD_Hide
bearPDD_Attack2
bearPDD_HideRotLRM
bearPDD_Hithate
bearPDD_IdlerotateRRM
bearPDD_walkbackRightRM
bearPDD_trotrightRM
bearPDD_Death2
bearPDD_JumprunRM
bearPDD_Hitrotate45RRM
bearPDD_attackwalkRM
bearPDD_eat1
bearPDD_Idlerotate45RRM
bearPDD_Idle1
bearPDD_runrightRM
bearPDD_walkhurtRM
bearPDD_Hitsimple
bearPDD_swimleftRM
bearPDD_runforwardRM
bearPDD_Sleep
bearPDD_HideRotRRM
bearPDD_JumpforwardRM
bearPDD_trotforwardRM
bearPDD_walkleftRM
bearPDD_runstopRM
bearPDD_Drinkwater
bearPDD_attackrunRM
bearPDD_JumptopidledownRM
bearPDD_Idlerotate90RRM
bearPDD_Hitrotate45LRM
bearPDD_Hitrotate180RRM
bearPDD_walkrightRM
bearPDD_walkforwardRM
bearPDD_Idlerotate180RRM
bearPDD_Idlerotate45LRM
bearPDD_Idlerotate90LRM
bearPDD_JumpwalkRM
bearPDD_walkbackLeftRM
bearPDD_JumpupRM
bearPDD_Idle2
bearPDD_swimforwardRM