tigerD8H_Walk0
deerFEL_TrotleftRM
foxYSY_SwimBackrightRM
elkML_Actions2
deerSPL_DeathOpp2
procySTEM_Idle9
moose1DOG_Idle1
deerSPL_Idle5
raccoonVGG_Sneak0
deerOMG_FlyRM
doggieMN5_Agression
moose6OK9_WalkbackRM
bear84Q_FlyIP
procySTEM_Attacks1
canieLTT_FallEdgeForward1
moose45D_JumpRunRM
bear84Q_Death1
bucksYJL_Sleep5
moose6OK9_WalkbackLRM
bucksYJL_Swim9
moose45D_hiderotLeft
grizzRSS_Walk2
procySTEM_SleepLieSeat2
grizzRSS_Fall3
foxWDFS_Sleep3
elkML_Death1
procySTEM_Climb5
foxWDFS_Attacks1
deerFEL_eat1
foxWDFS_Swim11
deerA4K_hide
bearPDD_Hide
doggieMN5_TrotleftRM
procySTEM_Swim12
bear84Q_AttackrunRM
foxYSY_walkbackRM
doggieMN5_walkrightRM
foxWDFS_Damaged4
bearPDD_Death2
canieLTT_Attacks1
bear9AK_Hitback
procySTEM_Actions0
bear84Q_Landing
procySTEM_GetHitRight2
bear84Q_TrotleftRM
deerFEL_SwimIdle
foxYSY_runrightRM
foxYSY_runstopRM
pumaRW_Swim13
bucksYJL_Attack4
procySTEM_Idle4
raccoonVGG_Fall2
deerLO1_FlyRM
pumaRW_Trot0
foxXAT_TrotleftRM
bear3EP_attack1
huskydog3T_Actions3
doggieMN5_Attack2
grizzRSS_Idle4
bearPDD_attackwalkRM
deerA4K_WalkforwardRM
pumaRW_Walk0
bear3EP_TrotrightRM
bucksYJL_Sleep1
moose1DOG_JumpFlyIP
sheepYZR10_idle13
foxYSY_HiderotL
moose1DOG_WalkbackRM
deerLO1_WalkbackRRM
lionessHTR42_action1
bear9AK_Idle2
bearPDD_Hithate
canieLTT_Sleep5
raccoonVGG_DeathOpp1
foxYSY_AttacktrotRM
pumaRW_Turn1
foxWDFS_Walk2
deerOMG_hitback
moose6OK9_JumpTrotRM
bear9AK_CrouchbaclRRM
deerFEL_TrotrightRM
raccoonVGG_GetHitLeft0
bearPDD_Death1
deerK5L_RotateRightRM
bear9AK_Death2
procySTEM_SleepLieSeat4
bear3EP_WalkbackLRM
deerFEL_Idle3
canieLTT_Sleep1
bear3EP_AttacktrotRM
raccoonVGG_Attacks2
bear3EP_FlyRM
canieLTT_Actions1
foxWDFS_Idles3
elkML_Walk4
huskydog3T_Idles5
bearVGG_DeathOpp1
foxYSY_walkleftRM
bear3EP_CrouchbaclRRM
deerOMG_WalkbackRRM
moose45D_hide
elkML_Walk2
deerLO1_WalkRightRM
bear84Q_Idle3
raccoonVGG_Dodge10
bucksYJL_Trot2
moose1DOG_Idle2
bear3EP_HideRotR
moose1DOG_RotateL90RM
moose6OK9_SwimleftRM
foxYSY_AttackrunRM
procySTEM_Attacks3
deerA4K_Idle1
bear3EP_Drink
deerK5L_Jump
bear3EP_SwimIdleRM
foxZED_walkleftRM
deerK5L_RotateRight90RM
deerFEL_death1
bearPDD_Hitrotate45RRM
bear84Q_SwimforwardRM
doggieMN5_Attack1
grizzRSS_Trot2
canieLTT_Sleep6
bear9AK_RunleftRM
deerA4K_Attack1
procySTEM_Walk12
raccoonVGG_Swim16
hippoDG_bite
foxZED_TrotrightRM
deerOMG_RotateRightRM
tigerD8H_Swim17
deerOMG_Attack3
foxWDFS_Walk1
raccoonVGG_Dodge4
deer2MB_RotateRightRM
pumaRW_Turn3
doggieMN5_runleftRM
deerK5L_SwimforwardRM
bear9AK_SwimRotLRM
bear9AK_FlyRM
tigerD8H_Sleep7
bear3EP_HideRotL
elkML_Trot0
deer2MB_death1
bear9AK_SwimIdleRM
moose45D_SwimleftRM
bearPDD_JumprunRM
tigerD8H_WalkBack1