bear3EP_Lie
foxWDFS_Swim2
procySTEM_Turn8
foxWDFS_Damaged3
pumaRW_Attacks0
deerOMG_lie
raccoonVGG_Dodge0
foxYSY_Agression
deerA4K_RunforwardRM
deerSPL_Fall0
tigerD8H_Jump2
tigerD8H_Attacks3
tigerD8H_Run0
pumaRW_Sleep0
bear9AK_HideRotR
foxWDFS_Idles4
deerSPL_Sleep2
moose45D_RotateRightRM
pumaRW_Attacks4
raccoonVGG_Actions3
huskydog3T_WalkBack1
deerA4K_Idle1
bear3EP_Hitfront
zebraBM_eat
canieLTT_Sleep5
bear3EP_CrouchbaclLRM
bucksYJL_Actions1
foxWDFS_Damaged4
rhinoDJ7S_action1
moose45D_AttackTrotRM
pumaRW_Sleep3
foxWDFS_Walk0
bear9AK_WalkhuntedRM
deerFEL_Attack3
raccoonVGG_Climb7
foxZED_HiderotR
huskydog3T_Turn0
elkML_Swim0
foxWDFS_Swim8
moose45D_WalkhuntedRM
moose45D_RotateR180RM
deer2MB_SwimRotLeftRM
tigerD8H_Idles2
bear3EP_WalkhuntedRM
deerSPL_Swim10
bear3EP_Agression
foxYSY_SwimidleRM
deer2MB_TrotleftRM
foxYSY_death1
bearVGG_Swim11
foxXAT_Rotate180L
pumaRW_Idles1
foxWDFS_Sleep4
tigerD8H_Swim11
bear9AK_RunstopRM
bear3EP_WalkleftRM
procySTEM_WalkBack4
deerOMG_LandingRM
raccoonVGG_Fall3
raccoonVGG_Trot2
procySTEM_Climb9
elkML_Sleep3
moose6OK9_Idle2
foxYSY_Crouchbackleft
elkML_Fall0
canieLTT_Damaged1
moose1DOG_TrotleftRM
huskydog3T_Run0
deerSPL_Swim8
foxYSY_SwimforwardRM
bearVGG_Idle0
moose1DOG_JumpLandingRM
bear3EP_Hitback
pumaRW_Sleep1
bear9AK_CrouchforwardRM
moose6OK9_WalkbackLRM
deerFEL_TrotforwardRM
foxWDFS_Jump0
elkML_Swim2
foxXAT_HiderotL
elkML_Fall2
bear3EP_CrouchbaclRRM
foxXAT_runrightRM
lionessHTR42_action4
bearVGG_WalkBack2
pumaRW_Damaged5
deer2MB_RunleftRM
canieLTT_Trot0
foxYSY_Jump
deer2MB_Jumpdown
deer2MB_death2
deer2MB_JumpRunRM
moose1DOG_Attack3
deerLO1_lie
bear9AK_TrotforwardRM
canieLTT_CombatIdle0
tigerD8H_Swim9
elkML_Swim9
foxZED_SwimbackRM
procySTEM_Sneak4
foxYSY_eat1
moose6OK9_Jumpdown
moose6OK9_Attack3
canieLTT_Actions0
foxWDFS_Actions0
raccoonVGG_Climb3
pumaRW_Trot1
elkML_WalkBack0
foxYSY_Attack2
bear3EP_Landing
bear9AK_CrouchleftRM
deerOMG_TrotforwardRM
deerOMG_sleep
bear9AK_Idle2
tigerD8H_WalkBack2
deerK5L_SwimIdle
bear9AK_HideRotL
lionessHTR42_action3
bear3EP_WalkrightRM
tigerD8H_Swim2
deerFEL_RotateRight180RM
deerVMW_hide