cattleAFK_WalkBL
foxZED_AttacktrotRM
deerSPL_Turn6
pumaRW_Actions3
bear84Q_Hitfront
deerFEL_Jump
bear3EP_Attack4
moose45D_SwimIdle
bucksYJL_Trot4
bear84Q_RunforwardRM
moose1DOG_eat2
deer2MB_FlyRM
canieLTT_Run2
elkML_Idle0
elkML_Walk2
elkML_Swim6
pumaRW_Fall3
bear84Q_Drink
deerA4K_TrotrightRM
canieLTT_FallEdgeForward1
deerLO1_AttackRunRM
grizzRSS_Swim17
elkML_Actions0
bear84Q_HideRotR
bear3EP_Hide
moose45D_WalkbackLRM
moose1DOG_RotateRightRM
foxWDFS_Sleep5
foxZED_SwimforwardRM
procySTEM_Idle1
canieLTT_FallEdgeForward2
foxWDFS_Run0
raccoonVGG_Swim2
canieLTT_Swim8
pumaRW_Swim2
bearVGG_Idle1
elkML_GetHit5
foxYSY_walkbackRM
deerOMG_Attack2
elkML_GetHit6
bear9AK_SwimRotLRM
deer2MB_RotateRight180RM
cattleAFK_WalkB
bearVGG_Fall2
foxYSY_hitmiddle
foxYSY_Attack3
deerOMG_hitsimple
moose45D_Idle1
doggieMN5_hitmiddle
deerLO1_AttackTrotRM
foxWDFS_Sleep2
deerA4K_Attack1
deerSPL_WalkBack2
foxZED_runforwardRM
deerK5L_RunleftRM
pumaRW_Run2
huskydog3T_Trot2
bear3EP_attack3
deerSPL_Idle4
moose1DOG_RunforwardRM
bear3EP_RunforwardRM
moose6OK9_SwimRotLeftRM
bear84Q_CrouchbaclRRM
bear9AK_SwimRotRRM
foxWDFS_WalkBack0
canieLTT_Turn1
bear84Q_AttacktrotRM
doggieMN5_Crouchforward
cattleAFK_TurnR
bear3EP_CrouchleftRM
pumaRW_Swim6
pumaRW_Death0
tigerD8H_Trot2
huskydog3T_Actions2
deerK5L_JumpRunRM
foxXAT_SwimidleRM
moose1DOG_hide
deerOMG_AttackRunRM
pumaRW_Sleep4
foxXAT_walkbackRM
bearVGG_Fall0
moose1DOG_RunstopRM
bear84Q_RotateLeft
moose1DOG_WalkleftRM
pumaRW_Jump1
grizzRSS_Swim2
procySTEM_Actions0
bear9AK_Death2
bucksYJL_WalkBack4
foxWDFS_Actions2
bear84Q_FlyIP
bullMJ6_Hitfront
foxXAT_SwimRotleftRM
deerOMG_SwimrightRM
moose45D_SwimRotRightRM
deerFEL_Idle1
procySTEM_SleepLieSeat0
deerLO1_Idle3
foxWDFS_Jump1
moose1DOG_JumpRunRM
bear9AK_WalkrightRM
bear3EP_AttackrunRM
foxZED_Crouchright
moose45D_Attack2
bear9AK_Death1
bear84Q_JumptrotRM
moose45D_RotateleftRM
tigerD8H_Death1
doggieMN5_hitfront
raccoonVGG_WalkTwoFeet0
bearVGG_Actions2
bear9AK_TrotleftRM
foxWDFS_Damaged0
foxXAT_SwimBackrightRM
moose1DOG_Jump
moose45D_JumpFlyIP
deer2MB_RotateRightRM
moose6OK9_Attack1
deerFEL_RotateleftRM
deerSPL_Actions0
bearVGG_Jump1
elkML_Turn3
pumaRW_Trot0
procySTEM_Death0
bear84Q_SwimbackRRM
pumaRW_Fall2
canieLTT_Idles1
moose45D_TrotleftRM
deerA4K_hate
deer2MB_LandingRM
moose6OK9_RotateL180RM
bear9AK_FlyRM
deer2MB_RotateleftRM
moose45D_WalkleftRM
pumaRW_WalkBack0
deerOMG_SwimRotRightRM
deerLO1_RunforwardRM
bearVGG_Attack2
deerOMG_hate
pumaRW_Run0
grizzRSS_Swim0
lionessHTR42_action2
foxWDFS_Swim4
tigerD8H_Damaged2
bearVGG_Idle9
deerOMG_SwimforwardRM
foxZED_Rotate90L
pumaRW_Attacks2
elkML_Run2
deer2MB_RunstopRM
doggieMN5_Sleep
deerLO1_Jumpdown
deerOMG_RunrightRM
foxWDFS_Attacks1
bear3EP_Jumpdown
foxYSY_JumprunRM
foxWDFS_Sleep6
tigerD8H_Walk2
grizzRSS_Turn2
deerK5L_RotateRightRM
moose6OK9_RotateleftRM
bear9AK_SwimbackRRM
canieLTT_Attacks1
tigerD8H_Jump0
moose45D_eat2
deerOMG_drink
bucksYJL_Death2
bear84Q_SwimRotLRM
bullMJ6_SwimFL
grizzRSS_WalkBack0
bear3EP_SwimIdleRM
moose6OK9_WalkRightRM
cattleAFK_Fallhigh
moose1DOG_Attack2
bear3EP_Sleep
raccoonVGG_Dodge10
tigerD8H_Damaged1
tigerD8H_Sleep7
bear3EP_Jump
foxWDFS_Idles1
bear9AK_CrouchbackRM
deerFEL_SwimbackRM
doggieMN5_SwimidleRM
moose6OK9_JumpFlyRM
tigerD8H_Swim13
huskydog3T_Death0
doggieMN5_HiderotR
moose6OK9_drink
doggieMN5_JumpdownRM
bear9AK_Drink
procySTEM_Idle9
bear84Q_WalkbackLRM
doggieMN5_Rotate90L
foxYSY_Hide
procySTEM_Dodge8
elkML_Attack2
foxWDFS_Trot1
foxXAT_TrotleftRM
bucksYJL_Turn4
tigerD8H_Swim8
moose1DOG_SwimrightRM
moose45D_SwimleftRM
raccoonVGG_Dodge6
bear84Q_Death3
procySTEM_Turn2
bear3EP_Eat2
moose6OK9_death1
hippoDG_bite
deerSPL_Run4
bear84Q_Eat2
doggieMN5_death2
cattleAFK_Liesleep
tigerD8H_Damaged3
foxXAT_walkbackrightRM
deerFEL_SwimRotRightRM
moose1DOG_AttackRunRM
moose6OK9_RotateR180RM
foxXAT_Crouchbackright
deerOMG_WalkhuntedRM
elkML_Fall5
tigerD8H_Walk0
elkML_Idle1
canieLTT_Damaged2
foxYSY_death2
foxZED_JumptrotRM
pumaRW_Swim8
cattleAFK_SwimBL
bear3EP_Death3
tigerD8H_Run2
bearVGG_Run2
cattleAFK_Attack2
foxWDFS_Death1
foxXAT_JumpdownRM
deerK5L_JumpTrotRM
pumaRW_SneakTurn3
raccoonVGG_Swim8
deerFEL_Jumpdown
procySTEM_Idle8
foxYSY_runstopRM
elkML_Swim4
foxYSY_walkrightRM
moose45D_RunleftRM
moose45D_RotateL180RM
bear84Q_Sleep
foxWDFS_Fall1
deer2MB_hiderotRight
doggieMN5_Attack3
tigerD8H_Attacks2
pumaRW_Actions1
deer2MB_RunrightRM
doggieMN5_death1
tigerD8H_Sleep6
foxWDFS_Run2
raccoonVGG_SleepLieSeat1
foxYSY_hitback
pumaRW_Damaged3
bearVGG_Sleep4
bear3EP_SwimbackRRM
moose6OK9_TrotleftRM
foxWDFS_Attacks0
bearVGG_Turn1
pumaRW_Run4
grizzRSS_DeathOpp0
canieLTT_Jump0
foxYSY_Crouchback
moose6OK9_RotateRightRM
grizzRSS_Walk2
huskydog3T_Attacks0
elkML_Idle3
deerFEL_hiderotLeft
deerOMG_hide
moose45D_Jump
foxXAT_Attack2
deerFEL_FlyIP
huskydog3T_Swim2
bear3EP_attack2
bear3EP_RunleftRM
sheepYZR10_getHit1
doggieMN5_AttacktrotRM
moose6OK9_RotateL90RM
foxZED_SwimleftRM
bear9AK_Jumpdown
deerSPL_Swim7
bucksYJL_Sleep6
raccoonVGG_DeathOpp1
tigerD8H_Trot1
bearVGG_Sleep7
tigerD8H_Run1
moose6OK9_Jump
canieLTT_FallEdgeForward0
deer2MB_FlyIP
elkML_DeathOpp1
deerOMG_Jump
moose1DOG_RotateL180RM
cattleAFK_Death1
pumaRW_WalkBack2
bear9AK_WalkbackRRM
foxYSY_SwimbackRM
grizzRSS_Damaged1
procySTEM_Climb1
moose1DOG_WalkhuntedRM
moose6OK9_Idle3
bear3EP_HideRotL
bearVGG_Sleep3
bear84Q_RunleftRM
huskydog3T_Swim15
foxXAT_Attack1
bucksYJL_Actions4
deerK5L_WalkbackRM
foxWDFS_Swim13
bucksYJL_Sleep5
deerFEL_death2
bear84Q_Agression
foxYSY_Lie
moose6OK9_lie
canieLTT_Sleep1
elkML_Idle2
foxYSY_Rotate90L
foxYSY_Crouchright
deerOMG_SwimIdle
elkML_Trot4
moose1DOG_SwimIdle
bear84Q_SwimforwardRM
elkML_Swim11
foxWDFS_Fall0
foxWDFS_Actions1
foxWDFS_Attacks2
tigerD8H_Fall0
bullMJ6_RunF
elkML_WalkBack4
bear3EP_Idle1
foxYSY_TrotforwardRM
doggieMN5_Agression
tigerD8H_WalkBack0
bullMJ6_SwimBR
doggieMN5_SwimBackleftRM
bear9AK_Hide
elkML_WalkBack2
foxZED_TrotrightRM
foxXAT_JumplandingRM
bear3EP_WalkforwardRM
bear9AK_AttacktrotRM
procySTEM_Walk24
tigerD8H_Fall1
procySTEM_Climb13
bear3EP_Death1
foxXAT_hitback
deerFEL_SwimIdle
moose1DOG_RotateL90RM
bear84Q_CrouchforwardRM
bear9AK_CrouchbaclLRM
pumaRW_Swim17
foxZED_Agression
bullMJ6_SwimTurnR
deerVMW_TrotleftRM
bear9AK_SwimbackRM
moose45D_death2
deerOMG_JumpRunRM
foxYSY_runforwardRM
bear9AK_FlyIP
bucksYJL_Sleep1
deerSPL_Fall3
moose45D_TrotrightRM
deerOMG_Attack1
moose6OK9_hitsimple
procySTEM_Walk20
pumaRW_Idles2
deerOMG_RunleftRM
foxYSY_Rotate180R
doggieMN5_runstopRM
deerLO1_eat2
tigerD8H_Actions1
bearVGG_Swim4
foxYSY_SwimBackleftRM
moose6OK9_TrotforwardRM
deerLO1_hitsimple
foxWDFS_Sleep3
moose45D_AttackRunRM
doggieMN5_RotaterightRM
moose45D_Attack3
doggieMN5_Attack1
moose45D_hitsimple
huskydog3T_Idles5
pumaRW_Actions2
moose1DOG_Idle3
moose45D_RunrightRM
cattleAFK_RunR
moose6OK9_SwimforwardRM
huskydog3T_Actions3
foxXAT_death1
pumaRW_Sleep2
foxZED_idle3
deerFEL_WalkbackLRM
bearVGG_Actions3
doggieMN5_TrotrightRM
deerSPL_Actions2
doggieMN5_HiderotL
deerLO1_WalkbackRRM
canieLTT_Sleep3
tigerD8H_Sleep9
raccoonVGG_DeathOpp0
cattleAFK_TurnL
deer2MB_WalkbackRM
deerK5L_WalkbackLRM
raccoonVGG_Jump0
deerFEL_JumpRunRM
elkML_Actions2
deerFEL_TrotleftRM
sheepYZR10_idle12
foxXAT_Rotate90R
doggieMN5_Crouchbackright
doggieMN5_JumpupRM
moose6OK9_AttackTrotRM
foxWDFS_Death0
foxZED_drink
bear3EP_SwimforwardRM
deerFEL_RunleftRM
bear9AK_Eat1
tigerD8H_Idles0
bear9AK_SwimforwardRM
rhinoDJ7S_action4
procySTEM_Walk12
moose1DOG_RotateleftRM
bullMJ6_TrotL
bear9AK_RunrightRM
pumaRW_Sleep6
bear84Q_SwimIdleRM
foxZED_Crouchforward
deerSPL_Jump1
deerVMW_hate
grizzRSS_Attack5
deerSPL_Idle2
foxYSY_idle2
tigerD8H_Sleep0
bucksYJL_GetHit8
bear3EP_RotateLeft
raccoonVGG_Dodge4
deerLO1_RotateleftRM
deerK5L_eat1
deerVMW_RunrightRM
deerFEL_WalkhuntedRM
bullMJ6_Turn180R
procySTEM_Run4
doggieMN5_Rotate180L
bucksYJL_Fall2
foxYSY_Crouchleft
bear84Q_Rotate90L
deerFEL_hiderotRight
elkML_Run0
deerLO1_FlyRM
raccoonVGG_Jump2
elkML_Turn2
bear3EP_SwimleftRM
bucksYJL_Swim0
pumaRW_Fall1
procySTEM_Fall1
moose6OK9_WalkhuntedRM
moose1DOG_hate
deerFEL_Idle3
deerFEL_SwimrightRM
procySTEM_Turn16
bearVGG_Actions0
pumaRW_Attacks1
bear3EP_SwimRotLRM
tigerD8H_WalkBack1
grizzRSS_Jump0
pumaRW_Swim13
deerFEL_drink
tigerD8H_Damaged5
foxYSY_HiderotR
deerOMG_SwimleftRM
bucksYJL_Swim2
raccoonVGG_Turn12
bear84Q_WalkhuntedRM
foxXAT_Lie
deerFEL_Rotateleft180RM
procySTEM_Actions4
foxZED_LieSleep
raccoonVGG_Trot0
moose45D_WalkRightRM
moose1DOG_WalkbackRRM
bucksYJL_Sleep0
moose1DOG_RotateR90RM
elkML_Fall3
foxWDFS_Actions5
bear3EP_HideRotR
bear9AK_attack3
tigerD8H_Swim6
moose6OK9_SwimleftRM
foxZED_SwimrightRM
bullMJ6_SwimTurnL
moose45D_hiderotLeft
bear84Q_WalkbackRM
deerFEL_lie
deerOMG_death2
huskydog3T_CombatIdle1
bear3EP_Idle2
deer2MB_SwimleftRM
foxWDFS_Sleep0
moose6OK9_hiderotLeft
deerA4K_SwimrightRM
bear9AK_Agression
moose45D_JumpLandingRM
bear3EP_Rotate180R
moose6OK9_eat1
deerK5L_TrotforwardRM
deerA4K_Rotateleft90RM
moose1DOG_death1
moose45D_hitback
deerOMG_Idle3
procySTEM_SleepLieSeat4
moose45D_SwimbackleftRM
canieLTT_Sleep6
moose6OK9_JumpFlyIP
bear3EP_RunrightRM
raccoonVGG_Swim16
moose45D_RotateL90RM
bear84Q_Idle2
elkML_Swim10
pumaRW_Idles0
bear9AK_Attack4
foxWDFS_Swim15
foxWDFS_Turn1
grizzRSS_Swim9
deer2MB_WalkbackLRM
elkML_DeathOpp3
foxZED_walkrightRM
bear3EP_RunstopRM
bearVGG_Sleep6
deerA4K_Jump
foxYSY_JumpdownRM
tigerD8H_Turn3
bear84Q_SwimrightRM
pumaRW_Attacks5
deerSPL_Swim12
grizzRSS_Trot2
foxZED_Jump
bucksYJL_Idle6
deer2MB_WalkleftRM
huskydog3T_Swim9
bear3EP_Hitmiddle
grizzRSS_Sleep2
foxWDFS_Actions3
foxYSY_Crouchforward
moose1DOG_JumpFlyIP
deerOMG_RotateRightRM
moose6OK9_JumpRunRM
raccoonVGG_Fall2
deerSPL_Attack2
moose1DOG_hiderotLeft
deerK5L_SwimRotRightRM
doggieMN5_walkleftRM
bucksYJL_Trot2
bear9AK_CrouchbaclRRM
moose6OK9_death2
raccoonVGG_Idle6
bear9AK_RotateRight
tigerD8H_Attacks1
moose1DOG_SwimbackrightRM
huskydog3T_Swim0
deerA4K_lie
deerSPL_Sleep3
grizzRSS_Actions1
pumaRW_Idles3
deerFEL_Idle2
foxWDFS_Fall3
elkML_Turn0
deerK5L_hitback
bear3EP_FlyRM
procySTEM_Swim12
pumaRW_Turn3
deerFEL_death1
deerSPL_Idle5
bear84Q_TrotleftRM
rhinoDJ7S_action3
moose45D_hide
procySTEM_SleepLieSeat2
canieLTT_Attacks3
procySTEM_Climb5
doggieMN5_JumprunRM
foxZED_AttackrunRM
foxYSY_SwimRotleftRM
deerOMG_RotateRight180RM
doggieMN5_walkhuntedRM
moose6OK9_Attack2
elkML_Swim14
bear9AK_Hitagression
moose45D_Jumpdown
bear84Q_Hide
pumaRW_Jump2
bear9AK_Rotate180L
deerFEL_WalkbackRM
deerLO1_WalkRightRM
rhinoDJ7S_action2
bear84Q_Hitagression
deerOMG_SwimRotLeftRM
foxZED_JumpflyRM
deerK5L_TrotrightRM
moose1DOG_SwimRotLeftRM
foxYSY_idle3
moose1DOG_eat1
bear3EP_WalkbackLRM
bear9AK_Hitmiddle
elkML_Run4
doggieMN5_drink
deerFEL_FlyRM
doggieMN5_JumptrotRM
moose6OK9_eat2
huskydog3T_Swim13
doggieMN5_Rotate180R
bearVGG_Turn3
deerA4K_RotateRight90RM
bucksYJL_Fall5
bear9AK_Hitfront
foxYSY_walkleftRM
bear84Q_WalkforwardRM
elkML_Actions1
moose1DOG_SwimforwardRM
foxYSY_RotaterightRM
moose6OK9_SwimIdle
moose1DOG_TrotforwardRM
deerSPL_Walk4
procySTEM_Fall0
deerA4K_WalkbackRRM
foxYSY_TrotrightRM
bear9AK_RunforwardRM
pumaRW_Damaged1
huskydog3T_Sleep0
moose45D_Idle3
foxYSY_walkforwardRM
deerFEL_WalkbackRRM
moose6OK9_hide
lionessHTR42_action0
doggieMN5_TrotleftRM
deer2MB_eat2
moose6OK9_hiderotRight
bear84Q_AttackrunRM
bear3EP_attack1
procySTEM_Actions2
bullMJ6_Falllanding
moose1DOG_SwimbackleftRM
deerLO1_Attack2
bear84Q_JumprunRM
doggieMN5_walkrightRM
foxYSY_JumpflyRM
grizzRSS_Damaged0
elkML_Attack4
moose45D_TrotforwardRM
raccoonVGG_Swim10
raccoonVGG_SleepLieSeat3
pumaRW_Trot2
bear9AK_JumptrotRM
foxYSY_runrightRM
foxYSY_SwimRotrightRM
bullMJ6_WalkF
doggieMN5_Howl
pumaRW_Swim4
deerVMW_WalkforwardRM
moose45D_Liesleep
foxYSY_Attack1
bear3EP_CrouchbackRM
bullMJ6_Turn180L
foxWDFS_Turn3
foxXAT_walkbackleftRM
canieLTT_Idles0
bear3EP_Drink
foxXAT_Attack3
raccoonVGG_Walk10
elkML_Swim7
doggieMN5_Crouchright
deerFEL_SwimRotLeftRM
elkML_DeathOpp5
grizzRSS_WalkBack4
procySTEM_Swim7
bear9AK_TrotrightRM
foxYSY_AttacktrotRM
tigerD8H_Sleep8
foxWDFS_Turn0
bear84Q_attack1
tigerD8H_Turn2
moose1DOG_Liesleep
moose45D_SwimbackrightRM
doggieMN5_Rotate90R
deerSPL_GetHit3
pumaRW_SneakTurn0
moose1DOG_JumpFlyRM
procySTEM_Climb17
bear84Q_Hitmiddle
deerFEL_hitback
deerOMG_Rotateleft90RM
doggieMN5_eat2
bear9AK_Rotate90R
foxYSY_hitfront
bear9AK_Rotate180R
foxZED_JumprunRM
foxZED_Crouchleft
elkML_Sleep1
deerK5L_Attack1
bear9AK_AttackrunRM
elkML_Fall1
moose45D_hate
bear3EP_TrotrightRM
raccoonVGG_Swim4
bear9AK_Hitback
deerFEL_eat2
tigerD8H_Turn0
deerFEL_RotateRight90RM
moose6OK9_hitfront
grizzRSS_Attack0
tigerD8H_Swim17
foxWDFS_Jump2
foxYSY_TrotleftRM
grizzRSS_Run0
deer2MB_SwimIdle
raccoonVGG_Sneak0
hippoDG_gethit
procySTEM_Attacks1
raccoonVGG_Wounded0
bear9AK_Jump
deerOMG_FlyRM
moose1DOG_Jumpdown
doggieMN5_SwimbackRM
raccoonVGG_Death1
bear3EP_SwimRotRRM
moose45D_Attack1
elephantLN0_act6
huskydog3T_WalkBack2
moose6OK9_AttackRunRM
foxWDFS_Turn2
bear3EP_Rotate90R
elkML_Attack6
deerSPL_Swim11
tigerD8H_Idles3
foxZED_walkleftRM
pumaRW_Actions0
cattleAFK_Idle3
elephantLN0_act2
raccoonVGG_WalkBack2
procySTEM_GetHitLeft1
doggieMN5_JumpflyRM
bearVGG_Run4
pumaRW_Jump0
bear9AK_Eat2
moose45D_JumpFlyRM
deerSPL_Swim6
bear3EP_Hitagression
bear9AK_CrouchRightRM
deerSPL_Walk2
foxZED_death2
elkML_Trot1
bucksYJL_Swim9
procySTEM_Walk14
foxZED_Hide
moose45D_drink
elkML_Jump0
bear9AK_Landing
bear9AK_SwimrightRM
deer2MB_Attack3
foxWDFS_Actions4
moose6OK9_RotateR90RM
elkML_Death5
grizzRSS_Actions4
bear9AK_Sleep
procySTEM_Attacks3
bear3EP_Rotate180L
moose6OK9_RunrightRM
moose6OK9_Trotattack
bear84Q_Jumpdown
bear84Q_WalkbackRRM
doggieMN5_walkforwardRM
elephantLN0_act8
foxYSY_drink
bear3EP_CrouchRightRM
huskydog3T_Attacks5
raccoonVGG_Turn4
foxZED_JumpupRM
deerOMG_eat1
rhinoDJ7S_action5
deerLO1_death2
elkML_DeathOpp0
deer2MB_death1
bullMJ6_Death2
foxYSY_walkhuntedRM
deerFEL_Rotateleft90RM
tigerD8H_Idles4
bear84Q_Death2
elkML_Trot2
bucksYJL_Run0
procySTEM_Sneak2
deerK5L_SwimforwardRM
doggieMN5_runforwardRM
moose45D_eat1
pumaRW_Walk2
grizzRSS_Trot4
bear9AK_WalkbackRM
bucksYJL_DeathOpp4
deerOMG_Idle2
moose45D_hitfront
bear3EP_Rotate90L
doggieMN5_SwimBackrightRM
tigerD8H_Sleep4
canieLTT_Sleep7
goatS4J6Y_death1
doggieMN5_Hide
foxWDFS_Swim11
moose45D_SwimRotLeftRM
bear9AK_Death3
bear84Q_CrouchleftRM
moose1DOG_drink
lionessHTR42_action1
elkML_Swim12
elkML_Walk4
bear84Q_CrouchbackRM
deerFEL_RunstopRM
deer2MB_WalkRightRM
moose1DOG_TrotrightRM
deerVMW_SwimrightRM
bucksYJL_GetHit2
grizzRSS_Idle6
moose6OK9_Liesleep
raccoonVGG_Attacks0
moose1DOG_RunrightRM
deerOMG_RunforwardRM
foxXAT_Rotate180R
huskydog3T_Actions5
procySTEM_Dodge12
deerOMG_hiderotRight
moose1DOG_AttackTrotRM
foxWDFS_Idles0
deerVMW_sleep
foxWDFS_Idles3
foxYSY_SwimBackrightRM
bearVGG_Idle3
deerLO1_death1
foxWDFS_Attacks3
cattleAFK_Fallstart
deerVMW_FlyIP
deerOMG_TrotrightRM
foxWDFS_Fall2
grizzRSS_Idle7
doggieMN5_JumplandingRM
deerOMG_Idle1
pumaRW_SneakIdles0
moose6OK9_hate
bearVGG_Sleep0
raccoonVGG_Attacks2
bear9AK_Lie
grizzRSS_Walk0
tigerD8H_Sleep5
bucksYJL_WalkBack0
doggieMN5_Lie
bear9AK_attack2
foxZED_walkhuntedRM
raccoonVGG_WalkTwoFeet2
deerFEL_WalkRightRM
pumaRW_Walk0
foxYSY_walkbackrightRM
raccoonVGG_Idle2
foxXAT_hitmiddle
foxYSY_walkbackleftRM
procySTEM_Attacks4
deerSPL_DeathOpp2
procySTEM_GetHitLeft2
foxYSY_runleftRM
sheepYZR10_idle13
procySTEM_Idle11
pumaRW_Turn0
canieLTT_Idles2
deerK5L_Attack3
pumaRW_SneakTurn2
grizzRSS_Fall3
moose6OK9_SwimbackRM
bucksYJL_Run2
bear9AK_Rotate90L
tigerD8H_Swim15
deerSPL_Swim4
cattleAFK_Attack3
deerOMG_Jumpdown
elephantLN0_act7
elkML_Turn1
grizzRSS_Idle5
bear84Q_Lie
bear3EP_TrotleftRM
bucksYJL_Idle7
bear84Q_attack2
bear3EP_AttacktrotRM
deerVMW_hitfront
foxZED_RotaterightRM
bullMJ6_RunL
bucksYJL_Death0
pumaRW_SneakIdles2
bear3EP_CrouchforwardRM
moose6OK9_WalkbackRM
moose1DOG_RunleftRM
deer2MB_Idle3
deerFEL_WalkleftRM
moose1DOG_WalkRightRM
raccoonVGG_Actions1
rhinoDJ7S_action7
moose6OK9_hitback
foxYSY_JumplandingRM
procySTEM_GetHitRight2
moose45D_RunforwardRM
bullMJ6_TrotF
bear3EP_Idle3
bear84Q_RunstopRM
grizzRSS_Walk4
bear84Q_RunrightRM
raccoonVGG_GetHitLeft0
tigerD8H_Idles1
deerK5L_SwimRotLeftRM
bear3EP_RotateRight
moose1DOG_hiderotRight
deerSPL_Actions3
moose45D_SwimbackRM
deerOMG_TrotleftRM
doggieMN5_idle1
procySTEM_Idle10
bear84Q_Idle1
deerOMG_JumpTrotRM
foxWDFS_Trot0
deer2MB_hiderotLeft
bear3EP_Eat1
foxZED_eat1
moose6OK9_WalkleftRM
pumaRW_Turn1
tigerD8H_Actions4
raccoonVGG_Turn18
moose1DOG_Idle2
procySTEM_Turn6
bearVGG_Turn0
deerA4K_hitfront
moose45D_RunstopRM
grizzRSS_Idle2
foxXAT_runleftRM
elkML_Swim1
bear9AK_Idle3
huskydog3T_Damaged3
elkML_Trot0
canieLTT_Swim17
deerFEL_AttackRunRM
foxWDFS_Run4
deerSPL_Idle1
huskydog3T_Trot1
deerOMG_Rotateleft180RM
foxWDFS_Swim0
foxZED_RotateleftRM
bear9AK_attack1
grizzRSS_Attack1
bear9AK_WalkleftRM
foxXAT_eat2
bearVGG_Damaged5
deerSPL_Death4
bucksYJL_GetHit7
foxWDFS_Swim17
foxYSY_SwimleftRM
foxYSY_JumpupRM
pumaRW_Attacks3
grizzRSS_Swim13
procySTEM_Idle3
bearVGG_Death0
raccoonVGG_GetHitRight0
doggieMN5_walkbackRM
moose1DOG_death2
raccoonVGG_Climb11
moose1DOG_hitback
deerOMG_hitfront
raccoonVGG_Wounded2
moose1DOG_lie
canieLTT_Swim6
deerOMG_WalkbackRM
deer2MB_Rotateleft180RM
procySTEM_Jump1
deerFEL_Attack2
bucksYJL_DeathOpp0
tigerD8H_Actions6
deerFEL_SwimforwardRM
foxZED_idle1
deerOMG_SwimbackRM
doggieMN5_Crouchback
bucksYJL_GetHit5
grizzRSS_Death1
deerSPL_Idle0
bear84Q_Rotate180L
moose1DOG_JumpTrotRM
elkML_Attack0
doggieMN5_hitback
doggieMN5_Crouchbackleft
huskydog3T_Sleep2
tigerD8H_Damaged4
bear9AK_SwimleftRM
foxYSY_AttackrunRM
bear9AK_JumprunRM
procySTEM_Idle5
deerFEL_hate
deerOMG_AttackTrotRM
bearVGG_DeathOpp1
pumaRW_Damaged2
tigerD8H_Actions2
deerA4K_drink
canieLTT_Damaged4
foxYSY_JumptrotRM
pumaRW_Swim15
bear84Q_SwimRotRRM
pumaRW_Death1
hippoDG_die
deerLO1_RotateRight180RM
huskydog3T_Jump2
deerA4K_hitsimple
canieLTT_Swim4
moose1DOG_RotateR180RM
tigerD8H_Sleep1
moose6OK9_RunforwardRM
tigerD8H_Damaged0
moose1DOG_hitfront
moose6OK9_SwimbackleftRM
moose6OK9_JumpTrotRM
deerOMG_WalkforwardRM
sheepYZR10_idle10
foxWDFS_Walk1
huskydog3T_Actions4
pumaRW_Turn2
deerOMG_RotateRight90RM
foxXAT_idle2
bucksYJL_GetHit0
bucksYJL_Walk0
foxYSY_Crouchbackright
bear3EP_FlyIP
deer2MB_TrotforwardRM
bearVGG_Swim15
deerFEL_Attack1
grizzRSS_Attack4
deerOMG_RunstopRM
foxWDFS_WalkBack2
bear84Q_WalkleftRM
procySTEM_Swim0
moose6OK9_RunstopRM
sheepYZR10_idle11
deerFEL_hide
bucksYJL_Jump0
bear84Q_CrouchRightRM
bear84Q_TrotforwardRM
procySTEM_Trot4
moose1DOG_WalkforwardRM
moose1DOG_SwimleftRM
deerA4K_JumpTrotRM
doggieMN5_Crouchleft
deerOMG_hitback
bucksYJL_Run6
doggieMN5_runrightRM
pumaRW_WalkBack1
foxYSY_RotateleftRM
deerOMG_Attack3
huskydog3T_Walk1
elephantLN0_act4
foxWDFS_Sleep1
huskydog3T_Jump1
deerA4K_WalkhuntedRM
tigerD8H_Actions5
deerOMG_RotateleftRM
moose6OK9_SwimRotRightRM
doggieMN5_AttackrunRM
deerOMG_hiderotLeft
elkML_Idle4
moose1DOG_SwimRotRightRM
tigerD8H_Actions3
bearVGG_Idle8
deerFEL_RotateRightRM
pumaRW_Swim9
pumaRW_Damaged4
deerK5L_SwimbackRM
elkML_GetHit4
raccoonVGG_Swim6
foxZED_TrotforwardRM
bear84Q_Idle3
moose45D_RotateR90RM
deerOMG_FlyIP
bearVGG_Swim6
doggieMN5_runleftRM
foxYSY_SwimrightRM
pumaRW_Fall0
deerFEL_AttackTrotRM
deerVMW_Rotateleft180RM
grizzRSS_Damaged4
bucksYJL_Swim14
moose1DOG_hitsimple
bear84Q_Attack4
moose45D_WalkbackRRM
bear9AK_WalkforwardRM
pumaRW_SneakTurn1
bucksYJL_Sleep4
deerVMW_Idle1
deerA4K_hitback
elkML_GetHit2
deerLO1_LandingRM
deerA4K_sleep
doggieMN5_Attack2
foxWDFS_Swim9
tigerD8H_Walk1
deerFEL_hitfront
moose45D_Idle2
moose45D_Trotattack
doggieMN5_walkbackleftRM
foxXAT_runstopRM
raccoonVGG_Climb15
deerVMW_WalkhuntedRM
pumaRW_Sleep5
bear84Q_WalkrightRM
raccoonVGG_Turn14
deerA4K_SwimRotRightRM
foxZED_walkforwardRM
foxYSY_idle1
deer2MB_SwimbackRM
foxWDFS_Swim6
bear84Q_RotateRight
procySTEM_Wounded1
huskydog3T_Sleep4
deerSPL_Sleep7
raccoonVGG_Walk22
raccoonVGG_Dodge2
elkML_GetHit3
foxWDFS_WalkBack1
moose1DOG_Idle1
foxZED_hitfront
deerOMG_WalkbackRRM
moose45D_JumpRunRM
foxYSY_Rotate180L
moose6OK9_WalkbackRRM
deerA4K_Idle2
canieLTT_Run4
raccoonVGG_Dodge14
deerLO1_Rotateleft90RM
tigerD8H_Turn1
canieLTT_Idles4
pumaRW_Swim0
deerOMG_WalkleftRM
tigerD8H_Fall2
bear84Q_HideRotL
bucksYJL_Swim1
bear3EP_WalkbackRM
tigerD8H_Swim4
doggieMN5_eat1
canieLTT_Turn3
tigerD8H_Jump1
procySTEM_Idle4
procySTEM_Swim14
deer2MB_Attack2
deerK5L_SwimleftRM
deer2MB_SwimforwardRM
elkML_Jump1
deerVMW_RunstopRM
elkML_Death3
tigerD8H_Sleep2
procySTEM_Climb0
canieLTT_Walk2
procySTEM_Climb19
deerA4K_WalkforwardRM
bucksYJL_Idle3
deerSPL_Attack6
rhinoDJ7S_action6
elkML_Swim8
bear9AK_RotateLeft
bear3EP_SwimbackLRM
bearVGG_Swim8
deerFEL_RunrightRM
foxZED_SwimBackleftRM
foxWDFS_Damaged1
huskydog3T_Swim11
moose1DOG_Attack1
moose6OK9_RunleftRM
bear84Q_Jump
grizzRSS_Fall1
grizzRSS_Sleep5
moose45D_death1
canieLTT_Actions1
moose45D_lie
deer2MB_AttackRunRM
elkML_Sleep2
bear9AK_Idle1
procySTEM_GetHitRight1
pigSTK69_eat1
deerLO1_Idle2
foxWDFS_Idles2
doggieMN5_SwimRotleftRM
foxYSY_eat2
bear84Q_Rotate90R
doggieMN5_RotateleftRM
procySTEM_WalkTwoFeet4
deerK5L_Jump
bucksYJL_Turn2
tigerD8H_Trot0
raccoonVGG_Run2
bucksYJL_Turn0
moose45D_hiderotRight
moose45D_JumpTrotRM
tigerD8H_Swim0
grizzRSS_Trot0
procySTEM_WalkBack0
pumaRW_SneakIdles1
foxXAT_SwimRotrightRM
tigerD8H_Actions0
deerFEL_SwimleftRM
bear3EP_JumprunRM
foxYSY_Rotate90R
deer2MB_AttackTrotRM
moose6OK9_TrotrightRM
bear3EP_TrotforwardRM
foxZED_Crouchbackleft
bucksYJL_Attack4
raccoonVGG_Idle0
bear3EP_Death2
foxWDFS_Damaged2
deerFEL_JumpTrotRM
elkML_Death1
goatS4J6Y_angry11
cattleAFK_Drink
elkML_Sleep4
bearVGG_Damaged2
deerFEL_eat1
bucksYJL_Attack0
bear3EP_SwimrightRM
deerFEL_hitsimple
pumaRW_Swim11
deerOMG_WalkRightRM
huskydog3T_Damaged5
elkML_Walk0
deer2MB_eat1
tigerD8H_Sleep3
bear84Q_Rotate180R
elephantLN0_act3
deerFEL_TrotrightRM
bear84Q_Hitback
deerK5L_RotateRight90RM
elephantLN0_act5
deerOMG_death1
tigerD8H_Death0
elkML_Death0
deerFEL_LandingRM
foxWDFS_Trot2
raccoonVGG_Idle7
deerFEL_WalkforwardRM
raccoonVGG_SleepLieSeat5
moose45D_SwimrightRM
foxYSY_HiderotL
moose6OK9_SwimbackrightRM
moose45D_SwimforwardRM
elkML_GetHit0
grizzRSS_Idle4
moose1DOG_WalkbackRM
bear9AK_SwimbackLRM
bucksYJL_Idle8
canieLTT_Death1
huskydog3T_Damaged0
doggieMN5_TrotforwardRM
foxZED_Crouchback
raccoonVGG_Turn10
elkML_Sleep0
elephantLN0_act1
bullMJ6_SwimB
doggieMN5_Jump
bear9AK_RunleftRM
deerK5L_drink
bear84Q_SwimbackLRM
raccoonVGG_Turn0
deerFEL_sleep
deerFEL_RunforwardRM
bucksYJL_Trot0
deerOMG_WalkbackLRM
pumaRW_Damaged0
deerK5L_hiderotLeft
moose1DOG_WalkbackLRM
bear3EP_JumptrotRM
huskydog3T_Turn2
moose45D_WalkbackRM
deerOMG_eat2
foxWDFS_Walk2
moose6OK9_WalkforwardRM
huskydog3T_Idles3
raccoonVGG_Run0
foxYSY_LieSleep
doggieMN5_walkbackrightRM
moose6OK9_SwimrightRM
grizzRSS_Attack3
deerA4K_hide
moose1DOG_SwimbackRM
canieLTT_WalkBack0
moose6OK9_Idle1
deerVMW_hiderotRight
canieLTT_Walk0
bearVGG_Damaged3
bear9AK_WalkbackLRM
tigerD8H_Attacks0
bear3EP_WalkbackRRM
moose45D_WalkforwardRM
deerLO1_WalkleftRM
moose6OK9_JumpLandingRM